\BOOKMARK [0][-]{chapter.1}{\376\377\0001\000\040\000H\000i\000e\000r\000a\000r\000c\000h\000i\000j\000o\000s\000\040\000I\000n\000d\000e\000k\000s\000a\000s}{}% 1
\BOOKMARK [1][-]{section.1.1}{\376\377\0001\000.\0001\000\040\000K\000l\000a\000s\000i\001\163\000\040\000h\000i\000e\000r\000a\000r\000c\000h\000i\000j\000a}{chapter.1}% 2
\BOOKMARK [0][-]{chapter.2}{\376\377\0002\000\040\000K\000l\000a\000s\001\027\000s\000\040\000I\000n\000d\000e\000k\000s\000a\000s}{}% 3
\BOOKMARK [1][-]{section.2.1}{\376\377\0002\000.\0001\000\040\000K\000l\000a\000s\001\027\000s}{chapter.2}% 4
\BOOKMARK [0][-]{chapter.3}{\376\377\0003\000\040\000F\000a\000i\000l\000o\000\040\000I\000n\000d\000e\000k\000s\000a\000s}{}% 5
\BOOKMARK [1][-]{section.3.1}{\376\377\0003\000.\0001\000\040\000F\000a\000i\000l\000a\000i}{chapter.3}% 6
\BOOKMARK [0][-]{chapter.4}{\376\377\0004\000\040\000K\000l\000a\000s\001\027\000s\000\040\000D\000o\000k\000u\000m\000e\000n\000t\000a\000c\000i\000j\000a}{}% 7
\BOOKMARK [1][-]{section.4.1}{\376\377\0004\000.\0001\000\040\000S\000t\000u\000d\000e\000n\000t\000a\000s\000\040\000K\000l\000a\000s\001\027}{chapter.4}% 8
\BOOKMARK [1][-]{section.4.2}{\376\377\0004\000.\0002\000\040\000V\000e\000c\000t\000o\000r\000<\000\040\000T\000\040\000>\000\040\000K\000l\000a\000s\001\027\000\040\001\140\000a\000b\000l\000o\000n\000a\000s}{chapter.4}% 9
\BOOKMARK [2][-]{subsection.4.2.1}{\376\377\0004\000.\0002\000.\0001\000\040\000T\000i\000p\000o\000\040\000A\000p\000r\000a\001\141\000y\000m\000o\000\040\000D\000o\000k\000u\000m\000e\000n\000t\000a\000c\000i\000j\000a}{section.4.2}% 10
\BOOKMARK [3][-]{subsubsection.4.2.1.1}{\376\377\0004\000.\0002\000.\0001\000.\0001\000\040\000c\000o\000n\000s\000t\000\137\000i\000t\000e\000r\000a\000t\000o\000r}{subsection.4.2.1}% 11
\BOOKMARK [3][-]{subsubsection.4.2.1.2}{\376\377\0004\000.\0002\000.\0001\000.\0002\000\040\000c\000o\000n\000s\000t\000\137\000p\000o\000i\000n\000t\000e\000r}{subsection.4.2.1}% 12
\BOOKMARK [3][-]{subsubsection.4.2.1.3}{\376\377\0004\000.\0002\000.\0001\000.\0003\000\040\000c\000o\000n\000s\000t\000\137\000r\000e\000f\000e\000r\000e\000n\000c\000e}{subsection.4.2.1}% 13
\BOOKMARK [3][-]{subsubsection.4.2.1.4}{\376\377\0004\000.\0002\000.\0001\000.\0004\000\040\000c\000o\000n\000s\000t\000\137\000r\000e\000v\000e\000r\000s\000e\000\137\000i\000t\000e\000r\000a\000t\000o\000r}{subsection.4.2.1}% 14
\BOOKMARK [3][-]{subsubsection.4.2.1.5}{\376\377\0004\000.\0002\000.\0001\000.\0005\000\040\000d\000i\000f\000f\000e\000r\000e\000n\000c\000e\000\137\000t\000y\000p\000e}{subsection.4.2.1}% 15
\BOOKMARK [3][-]{subsubsection.4.2.1.6}{\376\377\0004\000.\0002\000.\0001\000.\0006\000\040\000i\000t\000e\000r\000a\000t\000o\000r}{subsection.4.2.1}% 16
\BOOKMARK [3][-]{subsubsection.4.2.1.7}{\376\377\0004\000.\0002\000.\0001\000.\0007\000\040\000p\000o\000i\000n\000t\000e\000r}{subsection.4.2.1}% 17
\BOOKMARK [3][-]{subsubsection.4.2.1.8}{\376\377\0004\000.\0002\000.\0001\000.\0008\000\040\000r\000e\000f\000e\000r\000e\000n\000c\000e}{subsection.4.2.1}% 18
\BOOKMARK [3][-]{subsubsection.4.2.1.9}{\376\377\0004\000.\0002\000.\0001\000.\0009\000\040\000r\000e\000v\000e\000r\000s\000e\000\137\000i\000t\000e\000r\000a\000t\000o\000r}{subsection.4.2.1}% 19
\BOOKMARK [3][-]{subsubsection.4.2.1.10}{\376\377\0004\000.\0002\000.\0001\000.\0001\0000\000\040\000s\000i\000z\000e\000\137\000t\000y\000p\000e}{subsection.4.2.1}% 20
\BOOKMARK [3][-]{subsubsection.4.2.1.11}{\376\377\0004\000.\0002\000.\0001\000.\0001\0001\000\040\000v\000a\000l\000u\000e\000\137\000t\000y\000p\000e}{subsection.4.2.1}% 21
\BOOKMARK [2][-]{subsection.4.2.2}{\376\377\0004\000.\0002\000.\0002\000\040\000K\000o\000n\000s\000t\000r\000u\000k\000t\000o\000r\000i\000a\000u\000s\000\040\000i\000r\000\040\000D\000e\000s\000t\000r\000u\000k\000t\000o\000r\000i\000a\000u\000s\000\040\000D\000o\000k\000u\000m\000e\000n\000t\000a\000c\000i\000j\000a}{section.4.2}% 22
\BOOKMARK [3][-]{subsubsection.4.2.2.1}{\376\377\0004\000.\0002\000.\0002\000.\0001\000\040\000V\000e\000c\000t\000o\000r\000\050\000\051\000\040\000[\0001\000/\0004\000]}{subsection.4.2.2}% 23
\BOOKMARK [3][-]{subsubsection.4.2.2.2}{\376\377\0004\000.\0002\000.\0002\000.\0002\000\040\000V\000e\000c\000t\000o\000r\000\050\000\051\000\040\000[\0002\000/\0004\000]}{subsection.4.2.2}% 24
\BOOKMARK [3][-]{subsubsection.4.2.2.3}{\376\377\0004\000.\0002\000.\0002\000.\0003\000\040\000V\000e\000c\000t\000o\000r\000\050\000\051\000\040\000[\0003\000/\0004\000]}{subsection.4.2.2}% 25
\BOOKMARK [3][-]{subsubsection.4.2.2.4}{\376\377\0004\000.\0002\000.\0002\000.\0004\000\040\000V\000e\000c\000t\000o\000r\000\050\000\051\000\040\000[\0004\000/\0004\000]}{subsection.4.2.2}% 26
\BOOKMARK [3][-]{subsubsection.4.2.2.5}{\376\377\0004\000.\0002\000.\0002\000.\0005\000\040\000~\000V\000e\000c\000t\000o\000r\000\050\000\051}{subsection.4.2.2}% 27
\BOOKMARK [2][-]{subsection.4.2.3}{\376\377\0004\000.\0002\000.\0003\000\040\000M\000e\000t\000o\000d\001\163\000\040\000D\000o\000k\000u\000m\000e\000n\000t\000a\000c\000i\000j\000a}{section.4.2}% 28
\BOOKMARK [3][-]{subsubsection.4.2.3.1}{\376\377\0004\000.\0002\000.\0003\000.\0001\000\040\000a\000s\000s\000i\000g\000n\000\050\000\051}{subsection.4.2.3}% 29
\BOOKMARK [3][-]{subsubsection.4.2.3.2}{\376\377\0004\000.\0002\000.\0003\000.\0002\000\040\000a\000t\000\050\000\051\000\040\000[\0001\000/\0002\000]}{subsection.4.2.3}% 30
\BOOKMARK [3][-]{subsubsection.4.2.3.3}{\376\377\0004\000.\0002\000.\0003\000.\0003\000\040\000a\000t\000\050\000\051\000\040\000[\0002\000/\0002\000]}{subsection.4.2.3}% 31
\BOOKMARK [3][-]{subsubsection.4.2.3.4}{\376\377\0004\000.\0002\000.\0003\000.\0004\000\040\000b\000a\000c\000k\000\050\000\051\000\040\000[\0001\000/\0002\000]}{subsection.4.2.3}% 32
\BOOKMARK [3][-]{subsubsection.4.2.3.5}{\376\377\0004\000.\0002\000.\0003\000.\0005\000\040\000b\000a\000c\000k\000\050\000\051\000\040\000[\0002\000/\0002\000]}{subsection.4.2.3}% 33
\BOOKMARK [3][-]{subsubsection.4.2.3.6}{\376\377\0004\000.\0002\000.\0003\000.\0006\000\040\000b\000e\000g\000i\000n\000\050\000\051\000\040\000[\0001\000/\0002\000]}{subsection.4.2.3}% 34
\BOOKMARK [3][-]{subsubsection.4.2.3.7}{\376\377\0004\000.\0002\000.\0003\000.\0007\000\040\000b\000e\000g\000i\000n\000\050\000\051\000\040\000[\0002\000/\0002\000]}{subsection.4.2.3}% 35
\BOOKMARK [3][-]{subsubsection.4.2.3.8}{\376\377\0004\000.\0002\000.\0003\000.\0008\000\040\000c\000a\000p\000a\000c\000i\000t\000y\000\050\000\051}{subsection.4.2.3}% 36
\BOOKMARK [3][-]{subsubsection.4.2.3.9}{\376\377\0004\000.\0002\000.\0003\000.\0009\000\040\000c\000b\000e\000g\000i\000n\000\050\000\051}{subsection.4.2.3}% 37
\BOOKMARK [3][-]{subsubsection.4.2.3.10}{\376\377\0004\000.\0002\000.\0003\000.\0001\0000\000\040\000c\000e\000n\000d\000\050\000\051}{subsection.4.2.3}% 38
\BOOKMARK [3][-]{subsubsection.4.2.3.11}{\376\377\0004\000.\0002\000.\0003\000.\0001\0001\000\040\000c\000l\000e\000a\000r\000\050\000\051}{subsection.4.2.3}% 39
\BOOKMARK [3][-]{subsubsection.4.2.3.12}{\376\377\0004\000.\0002\000.\0003\000.\0001\0002\000\040\000d\000a\000t\000a\000\050\000\051\000\040\000[\0001\000/\0002\000]}{subsection.4.2.3}% 40
\BOOKMARK [3][-]{subsubsection.4.2.3.13}{\376\377\0004\000.\0002\000.\0003\000.\0001\0003\000\040\000d\000a\000t\000a\000\050\000\051\000\040\000[\0002\000/\0002\000]}{subsection.4.2.3}% 41
\BOOKMARK [3][-]{subsubsection.4.2.3.14}{\376\377\0004\000.\0002\000.\0003\000.\0001\0004\000\040\000e\000m\000p\000t\000y\000\050\000\051}{subsection.4.2.3}% 42
\BOOKMARK [3][-]{subsubsection.4.2.3.15}{\376\377\0004\000.\0002\000.\0003\000.\0001\0005\000\040\000e\000n\000d\000\050\000\051\000\040\000[\0001\000/\0002\000]}{subsection.4.2.3}% 43
\BOOKMARK [3][-]{subsubsection.4.2.3.16}{\376\377\0004\000.\0002\000.\0003\000.\0001\0006\000\040\000e\000n\000d\000\050\000\051\000\040\000[\0002\000/\0002\000]}{subsection.4.2.3}% 44
\BOOKMARK [3][-]{subsubsection.4.2.3.17}{\376\377\0004\000.\0002\000.\0003\000.\0001\0007\000\040\000e\000r\000a\000s\000e\000\050\000\051\000\040\000[\0001\000/\0002\000]}{subsection.4.2.3}% 45
\BOOKMARK [3][-]{subsubsection.4.2.3.18}{\376\377\0004\000.\0002\000.\0003\000.\0001\0008\000\040\000e\000r\000a\000s\000e\000\050\000\051\000\040\000[\0002\000/\0002\000]}{subsection.4.2.3}% 46
\BOOKMARK [3][-]{subsubsection.4.2.3.19}{\376\377\0004\000.\0002\000.\0003\000.\0001\0009\000\040\000f\000r\000o\000n\000t\000\050\000\051\000\040\000[\0001\000/\0002\000]}{subsection.4.2.3}% 47
\BOOKMARK [3][-]{subsubsection.4.2.3.20}{\376\377\0004\000.\0002\000.\0003\000.\0002\0000\000\040\000f\000r\000o\000n\000t\000\050\000\051\000\040\000[\0002\000/\0002\000]}{subsection.4.2.3}% 48
\BOOKMARK [3][-]{subsubsection.4.2.3.21}{\376\377\0004\000.\0002\000.\0003\000.\0002\0001\000\040\000i\000n\000s\000e\000r\000t\000\050\000\051\000\040\000[\0001\000/\0002\000]}{subsection.4.2.3}% 49
\BOOKMARK [3][-]{subsubsection.4.2.3.22}{\376\377\0004\000.\0002\000.\0003\000.\0002\0002\000\040\000i\000n\000s\000e\000r\000t\000\050\000\051\000\040\000[\0002\000/\0002\000]}{subsection.4.2.3}% 50
\BOOKMARK [3][-]{subsubsection.4.2.3.23}{\376\377\0004\000.\0002\000.\0003\000.\0002\0003\000\040\000o\000p\000e\000r\000a\000t\000o\000r\000=\000\050\000\051\000\040\000[\0001\000/\0002\000]}{subsection.4.2.3}% 51
\BOOKMARK [3][-]{subsubsection.4.2.3.24}{\376\377\0004\000.\0002\000.\0003\000.\0002\0004\000\040\000o\000p\000e\000r\000a\000t\000o\000r\000=\000\050\000\051\000\040\000[\0002\000/\0002\000]}{subsection.4.2.3}% 52
\BOOKMARK [3][-]{subsubsection.4.2.3.25}{\376\377\0004\000.\0002\000.\0003\000.\0002\0005\000\040\000o\000p\000e\000r\000a\000t\000o\000r\000[\000]\000\050\000\051\000\040\000[\0001\000/\0002\000]}{subsection.4.2.3}% 53
\BOOKMARK [3][-]{subsubsection.4.2.3.26}{\376\377\0004\000.\0002\000.\0003\000.\0002\0006\000\040\000o\000p\000e\000r\000a\000t\000o\000r\000[\000]\000\050\000\051\000\040\000[\0002\000/\0002\000]}{subsection.4.2.3}% 54
\BOOKMARK [3][-]{subsubsection.4.2.3.27}{\376\377\0004\000.\0002\000.\0003\000.\0002\0007\000\040\000p\000o\000p\000\137\000b\000a\000c\000k\000\050\000\051}{subsection.4.2.3}% 55
\BOOKMARK [3][-]{subsubsection.4.2.3.28}{\376\377\0004\000.\0002\000.\0003\000.\0002\0008\000\040\000p\000u\000s\000h\000\137\000b\000a\000c\000k\000\050\000\051}{subsection.4.2.3}% 56
\BOOKMARK [3][-]{subsubsection.4.2.3.29}{\376\377\0004\000.\0002\000.\0003\000.\0002\0009\000\040\000r\000e\000s\000e\000r\000v\000e\000\050\000\051}{subsection.4.2.3}% 57
\BOOKMARK [3][-]{subsubsection.4.2.3.30}{\376\377\0004\000.\0002\000.\0003\000.\0003\0000\000\040\000r\000e\000s\000i\000z\000e\000\050\000\051}{subsection.4.2.3}% 58
\BOOKMARK [3][-]{subsubsection.4.2.3.31}{\376\377\0004\000.\0002\000.\0003\000.\0003\0001\000\040\000s\000h\000r\000i\000n\000k\000\137\000t\000o\000\137\000f\000i\000t\000\050\000\051}{subsection.4.2.3}% 59
\BOOKMARK [3][-]{subsubsection.4.2.3.32}{\376\377\0004\000.\0002\000.\0003\000.\0003\0002\000\040\000s\000i\000z\000e\000\050\000\051}{subsection.4.2.3}% 60
\BOOKMARK [3][-]{subsubsection.4.2.3.33}{\376\377\0004\000.\0002\000.\0003\000.\0003\0003\000\040\000s\000w\000a\000p\000\050\000\051}{subsection.4.2.3}% 61
\BOOKMARK [1][-]{section.4.3}{\376\377\0004\000.\0003\000\040\000Z\000m\000o\000g\000u\000s\000\040\000K\000l\000a\000s\001\027}{chapter.4}% 62
\BOOKMARK [2][-]{subsection.4.3.1}{\376\377\0004\000.\0003\000.\0001\000\040\000S\000m\000u\000l\000k\000u\000s\000\040\000a\000p\000r\000a\001\141\000y\000m\000a\000s}{section.4.3}% 63
\BOOKMARK [2][-]{subsection.4.3.2}{\376\377\0004\000.\0003\000.\0002\000\040\000K\000o\000n\000s\000t\000r\000u\000k\000t\000o\000r\000i\000a\000u\000s\000\040\000i\000r\000\040\000D\000e\000s\000t\000r\000u\000k\000t\000o\000r\000i\000a\000u\000s\000\040\000D\000o\000k\000u\000m\000e\000n\000t\000a\000c\000i\000j\000a}{section.4.3}% 64
\BOOKMARK [3][-]{subsubsection.4.3.2.1}{\376\377\0004\000.\0003\000.\0002\000.\0001\000\040\000Z\000m\000o\000g\000u\000s\000\050\000\051\000\040\000[\0001\000/\0004\000]}{subsection.4.3.2}% 65
\BOOKMARK [3][-]{subsubsection.4.3.2.2}{\376\377\0004\000.\0003\000.\0002\000.\0002\000\040\000Z\000m\000o\000g\000u\000s\000\050\000\051\000\040\000[\0002\000/\0004\000]}{subsection.4.3.2}% 66
\BOOKMARK [3][-]{subsubsection.4.3.2.3}{\376\377\0004\000.\0003\000.\0002\000.\0003\000\040\000~\000Z\000m\000o\000g\000u\000s\000\050\000\051}{subsection.4.3.2}% 67
\BOOKMARK [3][-]{subsubsection.4.3.2.4}{\376\377\0004\000.\0003\000.\0002\000.\0004\000\040\000Z\000m\000o\000g\000u\000s\000\050\000\051\000\040\000[\0003\000/\0004\000]}{subsection.4.3.2}% 68
\BOOKMARK [3][-]{subsubsection.4.3.2.5}{\376\377\0004\000.\0003\000.\0002\000.\0005\000\040\000Z\000m\000o\000g\000u\000s\000\050\000\051\000\040\000[\0004\000/\0004\000]}{subsection.4.3.2}% 69
\BOOKMARK [2][-]{subsection.4.3.3}{\376\377\0004\000.\0003\000.\0003\000\040\000M\000e\000t\000o\000d\001\163\000\040\000D\000o\000k\000u\000m\000e\000n\000t\000a\000c\000i\000j\000a}{section.4.3}% 70
\BOOKMARK [3][-]{subsubsection.4.3.3.1}{\376\377\0004\000.\0003\000.\0003\000.\0001\000\040\000g\000e\000t\000P\000a\000v\000a\000r\000d\000e\000\050\000\051}{subsection.4.3.3}% 71
\BOOKMARK [3][-]{subsubsection.4.3.3.2}{\376\377\0004\000.\0003\000.\0003\000.\0002\000\040\000g\000e\000t\000V\000a\000r\000d\000a\000s\000\050\000\051}{subsection.4.3.3}% 72
\BOOKMARK [3][-]{subsubsection.4.3.3.3}{\376\377\0004\000.\0003\000.\0003\000.\0003\000\040\000o\000p\000e\000r\000a\000t\000o\000r\000=\000\050\000\051\000\040\000[\0001\000/\0002\000]}{subsection.4.3.3}% 73
\BOOKMARK [3][-]{subsubsection.4.3.3.4}{\376\377\0004\000.\0003\000.\0003\000.\0004\000\040\000o\000p\000e\000r\000a\000t\000o\000r\000=\000\050\000\051\000\040\000[\0002\000/\0002\000]}{subsection.4.3.3}% 74
\BOOKMARK [3][-]{subsubsection.4.3.3.5}{\376\377\0004\000.\0003\000.\0003\000.\0005\000\040\000s\000e\000t\000P\000a\000v\000a\000r\000d\000e\000\050\000\051}{subsection.4.3.3}% 75
\BOOKMARK [3][-]{subsubsection.4.3.3.6}{\376\377\0004\000.\0003\000.\0003\000.\0006\000\040\000s\000e\000t\000V\000a\000r\000d\000a\000s\000\050\000\051}{subsection.4.3.3}% 76
\BOOKMARK [3][-]{subsubsection.4.3.3.7}{\376\377\0004\000.\0003\000.\0003\000.\0007\000\040\000v\000i\000d\000u\000r\000k\000i\000s\000\050\000\051}{subsection.4.3.3}% 77
\BOOKMARK [2][-]{subsection.4.3.4}{\376\377\0004\000.\0003\000.\0004\000\040\000A\000t\000r\000i\000b\000u\000t\001\163\000\040\000D\000o\000k\000u\000m\000e\000n\000t\000a\000c\000i\000j\000a}{section.4.3}% 78
\BOOKMARK [3][-]{subsubsection.4.3.4.1}{\376\377\0004\000.\0003\000.\0004\000.\0001\000\040\000p\000a\000v\000a\000r\000d\000e\000\137}{subsection.4.3.4}% 79
\BOOKMARK [3][-]{subsubsection.4.3.4.2}{\376\377\0004\000.\0003\000.\0004\000.\0002\000\040\000v\000a\000r\000d\000a\000s\000\137}{subsection.4.3.4}% 80
\BOOKMARK [0][-]{chapter.5}{\376\377\0005\000\040\000F\000a\000i\000l\000o\000\040\000D\000o\000k\000u\000m\000e\000n\000t\000a\000c\000i\000j\000a}{}% 81
\BOOKMARK [1][-]{section.5.1}{\376\377\0005\000.\0001\000\040\000i\000n\000c\000l\000u\000d\000e\000/\000f\000u\000n\000k\000c\000i\000j\000o\000s\000.\000h\000\040\000F\000a\000i\000l\000o\000\040\000N\000u\000o\000r\000o\000d\000a}{chapter.5}% 82
\BOOKMARK [2][-]{subsection.5.1.1}{\376\377\0005\000.\0001\000.\0001\000\040\000F\000u\000n\000k\000c\000i\000j\000o\000s\000\040\000D\000o\000k\000u\000m\000e\000n\000t\000a\000c\000i\000j\000a}{section.5.1}% 83
\BOOKMARK [3][-]{subsubsection.5.1.1.1}{\376\377\0005\000.\0001\000.\0001\000.\0001\000\040\000a\000t\000s\000k\000i\000r\000i\000F\000a\000i\000l\000a\000i\000\050\000\051}{subsection.5.1.1}% 84
\BOOKMARK [3][-]{subsubsection.5.1.1.2}{\376\377\0005\000.\0001\000.\0001\000.\0002\000\040\000f\000a\000i\000l\000o\000G\000e\000n\000e\000r\000a\000v\000i\000m\000a\000s\000\050\000\051}{subsection.5.1.1}% 85
\BOOKMARK [3][-]{subsubsection.5.1.1.3}{\376\377\0005\000.\0001\000.\0001\000.\0003\000\040\000f\000a\000i\000l\000o\000S\000p\000a\000u\000s\000d\000i\000n\000i\000m\000a\000s\000\050\000\051}{subsection.5.1.1}% 86
\BOOKMARK [3][-]{subsubsection.5.1.1.4}{\376\377\0005\000.\0001\000.\0001\000.\0004\000\040\000K\000o\000n\000t\000e\000i\000n\000e\000r\000i\000u\000T\000y\000r\000i\000m\000a\000s\000\050\000\051}{subsection.5.1.1}% 87
\BOOKMARK [3][-]{subsubsection.5.1.1.5}{\376\377\0005\000.\0001\000.\0001\000.\0005\000\040\000r\000i\000k\000i\000a\000v\000i\000m\000a\000s\000\050\000\051}{subsection.5.1.1}% 88
\BOOKMARK [3][-]{subsubsection.5.1.1.6}{\376\377\0005\000.\0001\000.\0001\000.\0006\000\040\000s\000k\000a\000i\000t\000y\000m\000a\000s\000\050\000\051}{subsection.5.1.1}% 89
\BOOKMARK [3][-]{subsubsection.5.1.1.7}{\376\377\0005\000.\0001\000.\0001\000.\0007\000\040\000s\000p\000a\000u\000s\000d\000i\000n\000i\000m\000a\000s\000\050\000\051}{subsection.5.1.1}% 90
\BOOKMARK [3][-]{subsubsection.5.1.1.8}{\376\377\0005\000.\0001\000.\0001\000.\0008\000\040\000S\000t\000u\000d\000e\000n\000t\000u\000P\000a\000d\000a\000l\000i\000n\000i\000m\000a\000s\000\050\000\051}{subsection.5.1.1}% 91
\BOOKMARK [3][-]{subsubsection.5.1.1.9}{\376\377\0005\000.\0001\000.\0001\000.\0009\000\040\000S\000t\000u\000d\000e\000n\000t\000u\000P\000a\000d\000a\000l\000i\000n\000i\000m\000a\000s\0002\000\050\000\051}{subsection.5.1.1}% 92
\BOOKMARK [3][-]{subsubsection.5.1.1.10}{\376\377\0005\000.\0001\000.\0001\000.\0001\0000\000\040\000S\000t\000u\000d\000e\000n\000t\000u\000P\000a\000d\000a\000l\000i\000n\000i\000m\000a\000s\0003\000\050\000\051}{subsection.5.1.1}% 93
\BOOKMARK [3][-]{subsubsection.5.1.1.11}{\376\377\0005\000.\0001\000.\0001\000.\0001\0001\000\040\000t\000y\000r\000i\000m\000a\000s\000A\000n\000t\000r\000a\000s\000\050\000\051}{subsection.5.1.1}% 94
\BOOKMARK [3][-]{subsubsection.5.1.1.12}{\376\377\0005\000.\0001\000.\0001\000.\0001\0002\000\040\000t\000y\000r\000i\000m\000a\000s\000P\000i\000r\000m\000a\000s\000\050\000\051}{subsection.5.1.1}% 95
\BOOKMARK [1][-]{section.5.2}{\376\377\0005\000.\0002\000\040\000f\000u\000n\000k\000c\000i\000j\000o\000s\000.\000h}{chapter.5}% 96
\BOOKMARK [1][-]{section.5.3}{\376\377\0005\000.\0003\000\040\000i\000n\000c\000l\000u\000d\000e\000/\000s\000t\000u\000d\000e\000n\000t\000a\000s\000.\000h\000\040\000F\000a\000i\000l\000o\000\040\000N\000u\000o\000r\000o\000d\000a}{chapter.5}% 97
\BOOKMARK [1][-]{section.5.4}{\376\377\0005\000.\0004\000\040\000s\000t\000u\000d\000e\000n\000t\000a\000s\000.\000h}{chapter.5}% 98
\BOOKMARK [1][-]{section.5.5}{\376\377\0005\000.\0005\000\040\000i\000n\000c\000l\000u\000d\000e\000/\000v\000e\000c\000t\000o\000r\000.\000h\000\040\000F\000a\000i\000l\000o\000\040\000N\000u\000o\000r\000o\000d\000a}{chapter.5}% 99
\BOOKMARK [2][-]{subsection.5.5.1}{\376\377\0005\000.\0005\000.\0001\000\040\000F\000u\000n\000k\000c\000i\000j\000o\000s\000\040\000D\000o\000k\000u\000m\000e\000n\000t\000a\000c\000i\000j\000a}{section.5.5}% 100
\BOOKMARK [3][-]{subsubsection.5.5.1.1}{\376\377\0005\000.\0005\000.\0001\000.\0001\000\040\000o\000p\000e\000r\000a\000t\000o\000r\000!\000=\000\050\000\051}{subsection.5.5.1}% 101
\BOOKMARK [3][-]{subsubsection.5.5.1.2}{\376\377\0005\000.\0005\000.\0001\000.\0002\000\040\000o\000p\000e\000r\000a\000t\000o\000r\000=\000=\000\050\000\051}{subsection.5.5.1}% 102
\BOOKMARK [1][-]{section.5.6}{\376\377\0005\000.\0006\000\040\000v\000e\000c\000t\000o\000r\000.\000h}{chapter.5}% 103
\BOOKMARK [1][-]{section.5.7}{\376\377\0005\000.\0007\000\040\000i\000n\000c\000l\000u\000d\000e\000/\000z\000m\000o\000g\000u\000s\000.\000h\000\040\000F\000a\000i\000l\000o\000\040\000N\000u\000o\000r\000o\000d\000a}{chapter.5}% 104
\BOOKMARK [1][-]{section.5.8}{\376\377\0005\000.\0008\000\040\000z\000m\000o\000g\000u\000s\000.\000h}{chapter.5}% 105
\BOOKMARK [1][-]{section.5.9}{\376\377\0005\000.\0009\000\040\000s\000r\000c\000/\000f\000u\000n\000k\000c\000i\000j\000o\000s\000.\000c\000p\000p\000\040\000F\000a\000i\000l\000o\000\040\000N\000u\000o\000r\000o\000d\000a}{chapter.5}% 106
\BOOKMARK [2][-]{subsection.5.9.1}{\376\377\0005\000.\0009\000.\0001\000\040\000F\000u\000n\000k\000c\000i\000j\000o\000s\000\040\000D\000o\000k\000u\000m\000e\000n\000t\000a\000c\000i\000j\000a}{section.5.9}% 107
\BOOKMARK [3][-]{subsubsection.5.9.1.1}{\376\377\0005\000.\0009\000.\0001\000.\0001\000\040\000f\000a\000i\000l\000o\000G\000e\000n\000e\000r\000a\000v\000i\000m\000a\000s\000\050\000\051}{subsection.5.9.1}% 108
\BOOKMARK [3][-]{subsubsection.5.9.1.2}{\376\377\0005\000.\0009\000.\0001\000.\0002\000\040\000f\000a\000i\000l\000o\000S\000p\000a\000u\000s\000d\000i\000n\000i\000m\000a\000s\000\050\000\051}{subsection.5.9.1}% 109
\BOOKMARK [3][-]{subsubsection.5.9.1.3}{\376\377\0005\000.\0009\000.\0001\000.\0003\000\040\000s\000p\000a\000u\000s\000d\000i\000n\000i\000m\000a\000s\000\050\000\051}{subsection.5.9.1}% 110
\BOOKMARK [3][-]{subsubsection.5.9.1.4}{\376\377\0005\000.\0009\000.\0001\000.\0004\000\040\000t\000y\000r\000i\000m\000a\000s\000A\000n\000t\000r\000a\000s\000\050\000\051}{subsection.5.9.1}% 111
\BOOKMARK [3][-]{subsubsection.5.9.1.5}{\376\377\0005\000.\0009\000.\0001\000.\0005\000\040\000t\000y\000r\000i\000m\000a\000s\000P\000i\000r\000m\000a\000s\000\050\000\051}{subsection.5.9.1}% 112
\BOOKMARK [1][-]{section.5.10}{\376\377\0005\000.\0001\0000\000\040\000s\000r\000c\000/\000m\000a\000i\000n\000.\000c\000p\000p\000\040\000F\000a\000i\000l\000o\000\040\000N\000u\000o\000r\000o\000d\000a}{chapter.5}% 113
\BOOKMARK [2][-]{subsection.5.10.1}{\376\377\0005\000.\0001\0000\000.\0001\000\040\000F\000u\000n\000k\000c\000i\000j\000o\000s\000\040\000D\000o\000k\000u\000m\000e\000n\000t\000a\000c\000i\000j\000a}{section.5.10}% 114
\BOOKMARK [3][-]{subsubsection.5.10.1.1}{\376\377\0005\000.\0001\0000\000.\0001\000.\0001\000\040\000m\000a\000i\000n\000\050\000\051}{subsection.5.10.1}% 115
\BOOKMARK [2][-]{subsection.5.10.2}{\376\377\0005\000.\0001\0000\000.\0002\000\040\000K\000i\000n\000t\000a\000m\000o\000j\000o\000\040\000D\000o\000k\000u\000m\000e\000n\000t\000a\000c\000i\000j\000a}{section.5.10}% 116
\BOOKMARK [3][-]{subsubsection.5.10.2.1}{\376\377\0005\000.\0001\0000\000.\0002\000.\0001\000\040\000p\000a\000v\000a\000r\000d\000e\000s}{subsection.5.10.2}% 117
\BOOKMARK [3][-]{subsubsection.5.10.2.2}{\376\377\0005\000.\0001\0000\000.\0002\000.\0002\000\040\000v\000a\000r\000d\000a\000i}{subsection.5.10.2}% 118
\BOOKMARK [0][-]{section*.13}{\376\377\000R\000o\000d\000y\000k\000l\001\027}{}% 119
